// Bun Snapshot v1, https://goo.gl/fbAQLP

exports[`Elysia return a response 1`] = `"Elysia server running!"`;
